USER@DESKTOP-G73LQPR MINGW64 ~/Proyecto1 (master)
$ git commit -m "segundo commit"
On branch master
Changes not staged for commit:
  (use "git add <file>..." to update what will be committed)
  (use "git restore <file>..." to discard changes in working directory)
        modified:   primero.txt

no changes added to commit (use "git add" and/or "git commit -a")

USER@DESKTOP-G73LQPR MINGW64 ~/Proyecto1 (master)
$ git add .

USER@DESKTOP-G73LQPR MINGW64 ~/Proyecto1 (master)
$ git status
On branch master
Changes to be committed:
  (use "git restore --staged <file>..." to unstage)
        modified:   primero.txt


USER@DESKTOP-G73LQPR MINGW64 ~/Proyecto1 (master)
$ git commit -m "segundo commit"
[master 3c1f116] segundo commit
 1 file changed, 2 insertions(+), 9 deletions(-)

USER@DESKTOP-G73LQPR MINGW64 ~/Proyecto1 (master)
$ git log primero.txt
commit 3c1f116f83519a0c96e64a9f676fd2b7fc51272e (HEAD -> master)
Author: Diego Otalora <diego@otalora.com>
Date:   Sat Oct 31 21:15:50 2020 -0500

    segundo commit

commit 0c67897c84bd2a8da270a9ee53acd99ed7fbbd65
Author: Diego Otalora <diego@otalora.com>
Date:   Sat Oct 31 21:13:54 2020 -0500

    primer commit

USER@DESKTOP-G73LQPR MINGW64 ~/Proyecto1 (master)
$
